2025-05-29 09:16:58,240 - INFO - ====== WebDriver manager ======
2025-05-29 09:17:01,508 - INFO - Get LATEST chromedriver version for google-chrome
2025-05-29 09:17:01,757 - INFO - Get LATEST chromedriver version for google-chrome
2025-05-29 09:17:01,897 - INFO - Driver [C:\Users\USER\.wdm\drivers\chromedriver\win64\136.0.7103.113\chromedriver-win32/chromedriver.exe] found in cache
2025-05-29 09:17:03,547 - INFO - Opening login page:  https://demo.opencart.com/admin/
2025-05-29 09:17:06,908 - INFO - Filling login form...
2025-05-29 09:17:06,940 - ERROR - An error occurred: Message: no such element: Unable to locate element: {"method":"css selector","selector":"[name="username"]"}
  (Session info: chrome=136.0.7103.114); For documentation on this error, please visit: https://www.selenium.dev/documentation/webdriver/troubleshooting/errors#no-such-element-exception
Stacktrace:
	GetHandleVerifier [0x0066FC03+61635]
	GetHandleVerifier [0x0066FC44+61700]
	(No symbol) [0x004905D3]
	(No symbol) [0x004D899E]
	(No symbol) [0x004D8D3B]
	(No symbol) [0x00520E12]
	(No symbol) [0x004FD2E4]
	(No symbol) [0x0051E61B]
	(No symbol) [0x004FD096]
	(No symbol) [0x004CC840]
	(No symbol) [0x004CD6A4]
	GetHandleVerifier [0x008F4523+2701795]
	GetHandleVerifier [0x008EFCA6+2683238]
	GetHandleVerifier [0x0090A9EE+2793134]
	GetHandleVerifier [0x006868C5+155013]
	GetHandleVerifier [0x0068CFAD+181357]
	GetHandleVerifier [0x00677458+92440]
	GetHandleVerifier [0x00677600+92864]
	GetHandleVerifier [0x00661FF0+5296]
	BaseThreadInitThunk [0x75975D49+25]
	RtlInitializeExceptionChain [0x7736CFFB+107]
	RtlGetAppContainerNamedObjectPath [0x7736CF81+561]
Traceback (most recent call last):
  File "D:\PyAutomateAI\rpa_scripts\rpa_login_bot.py", line 40, in <module>
    driver.find_element(By.NAME, "username").send_keys(username)
    ^^^^^^^^^^^^^^^^^^^^^^^^^^^^^^^^^^^^^^^^
  File "C:\Users\USER\AppData\Local\Programs\Python\Python312\Lib\site-packages\selenium\webdriver\remote\webdriver.py", line 914, in find_element
    return self.execute(Command.FIND_ELEMENT, {"using": by, "value": value})["value"]
           ^^^^^^^^^^^^^^^^^^^^^^^^^^^^^^^^^^^^^^^^^^^^^^^^^^^^^^^^^^^^^^^^^
  File "C:\Users\USER\AppData\Local\Programs\Python\Python312\Lib\site-packages\selenium\webdriver\remote\webdriver.py", line 447, in execute
    self.error_handler.check_response(response)
  File "C:\Users\USER\AppData\Local\Programs\Python\Python312\Lib\site-packages\selenium\webdriver\remote\errorhandler.py", line 232, in check_response
    raise exception_class(message, screen, stacktrace)
selenium.common.exceptions.NoSuchElementException: Message: no such element: Unable to locate element: {"method":"css selector","selector":"[name="username"]"}
  (Session info: chrome=136.0.7103.114); For documentation on this error, please visit: https://www.selenium.dev/documentation/webdriver/troubleshooting/errors#no-such-element-exception
Stacktrace:
	GetHandleVerifier [0x0066FC03+61635]
	GetHandleVerifier [0x0066FC44+61700]
	(No symbol) [0x004905D3]
	(No symbol) [0x004D899E]
	(No symbol) [0x004D8D3B]
	(No symbol) [0x00520E12]
	(No symbol) [0x004FD2E4]
	(No symbol) [0x0051E61B]
	(No symbol) [0x004FD096]
	(No symbol) [0x004CC840]
	(No symbol) [0x004CD6A4]
	GetHandleVerifier [0x008F4523+2701795]
	GetHandleVerifier [0x008EFCA6+2683238]
	GetHandleVerifier [0x0090A9EE+2793134]
	GetHandleVerifier [0x006868C5+155013]
	GetHandleVerifier [0x0068CFAD+181357]
	GetHandleVerifier [0x00677458+92440]
	GetHandleVerifier [0x00677600+92864]
	GetHandleVerifier [0x00661FF0+5296]
	BaseThreadInitThunk [0x75975D49+25]
	RtlInitializeExceptionChain [0x7736CFFB+107]
	RtlGetAppContainerNamedObjectPath [0x7736CF81+561]

2025-05-29 09:17:06,968 - INFO - Closing browser...
2025-05-29 09:17:56,259 - INFO - ====== WebDriver manager ======
2025-05-29 09:17:59,267 - INFO - Get LATEST chromedriver version for google-chrome
2025-05-29 09:17:59,439 - INFO - Get LATEST chromedriver version for google-chrome
2025-05-29 09:17:59,622 - INFO - Driver [C:\Users\USER\.wdm\drivers\chromedriver\win64\136.0.7103.113\chromedriver-win32/chromedriver.exe] found in cache
2025-05-29 09:18:00,773 - INFO - Opening login page:  https://demo.opencart.com/admin/
2025-05-29 09:18:02,573 - INFO - Filling login form...
2025-05-29 09:18:02,631 - ERROR - An error occurred: Message: no such element: Unable to locate element: {"method":"css selector","selector":"[name="username"]"}
  (Session info: chrome=136.0.7103.114); For documentation on this error, please visit: https://www.selenium.dev/documentation/webdriver/troubleshooting/errors#no-such-element-exception
Stacktrace:
	GetHandleVerifier [0x0066FC03+61635]
	GetHandleVerifier [0x0066FC44+61700]
	(No symbol) [0x004905D3]
	(No symbol) [0x004D899E]
	(No symbol) [0x004D8D3B]
	(No symbol) [0x00520E12]
	(No symbol) [0x004FD2E4]
	(No symbol) [0x0051E61B]
	(No symbol) [0x004FD096]
	(No symbol) [0x004CC840]
	(No symbol) [0x004CD6A4]
	GetHandleVerifier [0x008F4523+2701795]
	GetHandleVerifier [0x008EFCA6+2683238]
	GetHandleVerifier [0x0090A9EE+2793134]
	GetHandleVerifier [0x006868C5+155013]
	GetHandleVerifier [0x0068CFAD+181357]
	GetHandleVerifier [0x00677458+92440]
	GetHandleVerifier [0x00677600+92864]
	GetHandleVerifier [0x00661FF0+5296]
	BaseThreadInitThunk [0x75975D49+25]
	RtlInitializeExceptionChain [0x7736CFFB+107]
	RtlGetAppContainerNamedObjectPath [0x7736CF81+561]
Traceback (most recent call last):
  File "D:\PyAutomateAI\rpa_scripts\rpa_login_bot.py", line 40, in <module>
    driver.find_element(By.NAME, "username").send_keys(username)
    ^^^^^^^^^^^^^^^^^^^^^^^^^^^^^^^^^^^^^^^^
  File "C:\Users\USER\AppData\Local\Programs\Python\Python312\Lib\site-packages\selenium\webdriver\remote\webdriver.py", line 914, in find_element
    return self.execute(Command.FIND_ELEMENT, {"using": by, "value": value})["value"]
           ^^^^^^^^^^^^^^^^^^^^^^^^^^^^^^^^^^^^^^^^^^^^^^^^^^^^^^^^^^^^^^^^^
  File "C:\Users\USER\AppData\Local\Programs\Python\Python312\Lib\site-packages\selenium\webdriver\remote\webdriver.py", line 447, in execute
    self.error_handler.check_response(response)
  File "C:\Users\USER\AppData\Local\Programs\Python\Python312\Lib\site-packages\selenium\webdriver\remote\errorhandler.py", line 232, in check_response
    raise exception_class(message, screen, stacktrace)
selenium.common.exceptions.NoSuchElementException: Message: no such element: Unable to locate element: {"method":"css selector","selector":"[name="username"]"}
  (Session info: chrome=136.0.7103.114); For documentation on this error, please visit: https://www.selenium.dev/documentation/webdriver/troubleshooting/errors#no-such-element-exception
Stacktrace:
	GetHandleVerifier [0x0066FC03+61635]
	GetHandleVerifier [0x0066FC44+61700]
	(No symbol) [0x004905D3]
	(No symbol) [0x004D899E]
	(No symbol) [0x004D8D3B]
	(No symbol) [0x00520E12]
	(No symbol) [0x004FD2E4]
	(No symbol) [0x0051E61B]
	(No symbol) [0x004FD096]
	(No symbol) [0x004CC840]
	(No symbol) [0x004CD6A4]
	GetHandleVerifier [0x008F4523+2701795]
	GetHandleVerifier [0x008EFCA6+2683238]
	GetHandleVerifier [0x0090A9EE+2793134]
	GetHandleVerifier [0x006868C5+155013]
	GetHandleVerifier [0x0068CFAD+181357]
	GetHandleVerifier [0x00677458+92440]
	GetHandleVerifier [0x00677600+92864]
	GetHandleVerifier [0x00661FF0+5296]
	BaseThreadInitThunk [0x75975D49+25]
	RtlInitializeExceptionChain [0x7736CFFB+107]
	RtlGetAppContainerNamedObjectPath [0x7736CF81+561]

2025-05-29 09:18:02,637 - INFO - Closing browser...
2025-05-30 19:14:02,219 - INFO - ====== WebDriver manager ======
2025-05-30 19:14:05,523 - INFO - Get LATEST chromedriver version for google-chrome
2025-05-30 19:14:06,153 - INFO - Get LATEST chromedriver version for google-chrome
2025-05-30 19:14:06,404 - INFO - Get LATEST chromedriver version for google-chrome
2025-05-30 19:14:07,232 - INFO - WebDriver version 136.0.7103.113 selected
2025-05-30 19:14:07,236 - INFO - Modern chrome version https://storage.googleapis.com/chrome-for-testing-public/136.0.7103.113/win32/chromedriver-win32.zip
2025-05-30 19:14:07,236 - INFO - About to download new driver from https://storage.googleapis.com/chrome-for-testing-public/136.0.7103.113/win32/chromedriver-win32.zip
2025-05-30 19:14:07,633 - INFO - Driver downloading response is 200
2025-05-30 19:14:12,543 - INFO - Get LATEST chromedriver version for google-chrome
2025-05-30 19:14:13,076 - INFO - Driver has been saved in cache [C:\Users\USER\.wdm\drivers\chromedriver\win64\136.0.7103.113]
2025-05-30 19:14:16,831 - INFO - Opening login page:  https://demo.opencart.com/admin/
2025-05-30 19:14:25,303 - INFO - Filling login form...
2025-05-30 19:14:25,327 - ERROR - An error occurred: Message: no such element: Unable to locate element: {"method":"css selector","selector":"[name="username"]"}
  (Session info: chrome=136.0.7103.114); For documentation on this error, please visit: https://www.selenium.dev/documentation/webdriver/troubleshooting/errors#no-such-element-exception
Stacktrace:
	GetHandleVerifier [0x0109FC03+61635]
	GetHandleVerifier [0x0109FC44+61700]
	(No symbol) [0x00EC05D3]
	(No symbol) [0x00F0899E]
	(No symbol) [0x00F08D3B]
	(No symbol) [0x00F50E12]
	(No symbol) [0x00F2D2E4]
	(No symbol) [0x00F4E61B]
	(No symbol) [0x00F2D096]
	(No symbol) [0x00EFC840]
	(No symbol) [0x00EFD6A4]
	GetHandleVerifier [0x01324523+2701795]
	GetHandleVerifier [0x0131FCA6+2683238]
	GetHandleVerifier [0x0133A9EE+2793134]
	GetHandleVerifier [0x010B68C5+155013]
	GetHandleVerifier [0x010BCFAD+181357]
	GetHandleVerifier [0x010A7458+92440]
	GetHandleVerifier [0x010A7600+92864]
	GetHandleVerifier [0x01091FF0+5296]
	BaseThreadInitThunk [0x75975D49+25]
	RtlInitializeExceptionChain [0x7736CFFB+107]
	RtlGetAppContainerNamedObjectPath [0x7736CF81+561]
Traceback (most recent call last):
  File "D:\PyAutomateAI\rpa_scripts\rpa_login_bot.py", line 40, in <module>
    driver.find_element(By.NAME, "username").send_keys(username)
    ^^^^^^^^^^^^^^^^^^^^^^^^^^^^^^^^^^^^^^^^
  File "C:\Users\USER\AppData\Local\Programs\Python\Python312\Lib\site-packages\selenium\webdriver\remote\webdriver.py", line 914, in find_element
    return self.execute(Command.FIND_ELEMENT, {"using": by, "value": value})["value"]
           ^^^^^^^^^^^^^^^^^^^^^^^^^^^^^^^^^^^^^^^^^^^^^^^^^^^^^^^^^^^^^^^^^
  File "C:\Users\USER\AppData\Local\Programs\Python\Python312\Lib\site-packages\selenium\webdriver\remote\webdriver.py", line 447, in execute
    self.error_handler.check_response(response)
  File "C:\Users\USER\AppData\Local\Programs\Python\Python312\Lib\site-packages\selenium\webdriver\remote\errorhandler.py", line 232, in check_response
    raise exception_class(message, screen, stacktrace)
selenium.common.exceptions.NoSuchElementException: Message: no such element: Unable to locate element: {"method":"css selector","selector":"[name="username"]"}
  (Session info: chrome=136.0.7103.114); For documentation on this error, please visit: https://www.selenium.dev/documentation/webdriver/troubleshooting/errors#no-such-element-exception
Stacktrace:
	GetHandleVerifier [0x0109FC03+61635]
	GetHandleVerifier [0x0109FC44+61700]
	(No symbol) [0x00EC05D3]
	(No symbol) [0x00F0899E]
	(No symbol) [0x00F08D3B]
	(No symbol) [0x00F50E12]
	(No symbol) [0x00F2D2E4]
	(No symbol) [0x00F4E61B]
	(No symbol) [0x00F2D096]
	(No symbol) [0x00EFC840]
	(No symbol) [0x00EFD6A4]
	GetHandleVerifier [0x01324523+2701795]
	GetHandleVerifier [0x0131FCA6+2683238]
	GetHandleVerifier [0x0133A9EE+2793134]
	GetHandleVerifier [0x010B68C5+155013]
	GetHandleVerifier [0x010BCFAD+181357]
	GetHandleVerifier [0x010A7458+92440]
	GetHandleVerifier [0x010A7600+92864]
	GetHandleVerifier [0x01091FF0+5296]
	BaseThreadInitThunk [0x75975D49+25]
	RtlInitializeExceptionChain [0x7736CFFB+107]
	RtlGetAppContainerNamedObjectPath [0x7736CF81+561]

2025-05-30 19:14:25,369 - INFO - Closing browser...
2025-06-04 18:26:18,390 - INFO - ====== WebDriver manager ======
2025-06-04 18:26:20,220 - INFO - Get LATEST chromedriver version for google-chrome
2025-06-04 18:26:20,816 - INFO - Get LATEST chromedriver version for google-chrome
2025-06-04 18:26:21,006 - INFO - There is no [win64] chromedriver "137.0.7151.68" for browser google-chrome "137.0.7151" in cache
2025-06-04 18:26:21,006 - INFO - Get LATEST chromedriver version for google-chrome
2025-06-04 18:26:21,464 - INFO - WebDriver version 137.0.7151.68 selected
2025-06-04 18:26:21,465 - INFO - Modern chrome version https://storage.googleapis.com/chrome-for-testing-public/137.0.7151.68/win32/chromedriver-win32.zip
2025-06-04 18:26:21,465 - INFO - About to download new driver from https://storage.googleapis.com/chrome-for-testing-public/137.0.7151.68/win32/chromedriver-win32.zip
2025-06-04 18:26:21,760 - INFO - Driver downloading response is 200
2025-06-04 18:26:25,784 - INFO - Get LATEST chromedriver version for google-chrome
2025-06-04 18:26:27,265 - INFO - Driver has been saved in cache [C:\Users\USER\.wdm\drivers\chromedriver\win64\137.0.7151.68]
2025-06-04 18:26:30,120 - INFO - Opening login page:  https://demo.opencart.com/admin/
2025-06-04 18:26:32,668 - INFO - Filling login form...
2025-06-04 18:26:32,686 - ERROR - An error occurred: Message: no such element: Unable to locate element: {"method":"css selector","selector":"[name="username"]"}
  (Session info: chrome=137.0.7151.68); For documentation on this error, please visit: https://www.selenium.dev/documentation/webdriver/troubleshooting/errors#no-such-element-exception
Stacktrace:
	GetHandleVerifier [0x0x7b3763+63299]
	GetHandleVerifier [0x0x7b37a4+63364]
	(No symbol) [0x0x5e1113]
	(No symbol) [0x0x62987e]
	(No symbol) [0x0x629c1b]
	(No symbol) [0x0x672212]
	(No symbol) [0x0x64e5c4]
	(No symbol) [0x0x66fa4a]
	(No symbol) [0x0x64e376]
	(No symbol) [0x0x61d6e0]
	(No symbol) [0x0x61e544]
	GetHandleVerifier [0x0xa0e033+2531347]
	GetHandleVerifier [0x0xa09332+2511634]
	GetHandleVerifier [0x0x7d9eda+220858]
	GetHandleVerifier [0x0x7ca528+156936]
	GetHandleVerifier [0x0x7d0c5d+183357]
	GetHandleVerifier [0x0x7bb6c8+95912]
	GetHandleVerifier [0x0x7bb870+96336]
	GetHandleVerifier [0x0x7a664a+9770]
	BaseThreadInitThunk [0x0x75975d49+25]
	RtlInitializeExceptionChain [0x0x7736cffb+107]
	RtlGetAppContainerNamedObjectPath [0x0x7736cf81+561]
Traceback (most recent call last):
  File "D:\PyAutomateAI\rpa_scripts\rpa_login_bot.py", line 36, in <module>
    driver.find_element(By.NAME, "username").send_keys(username)
    ^^^^^^^^^^^^^^^^^^^^^^^^^^^^^^^^^^^^^^^^
  File "C:\Users\USER\AppData\Local\Programs\Python\Python312\Lib\site-packages\selenium\webdriver\remote\webdriver.py", line 914, in find_element
    return self.execute(Command.FIND_ELEMENT, {"using": by, "value": value})["value"]
           ^^^^^^^^^^^^^^^^^^^^^^^^^^^^^^^^^^^^^^^^^^^^^^^^^^^^^^^^^^^^^^^^^
  File "C:\Users\USER\AppData\Local\Programs\Python\Python312\Lib\site-packages\selenium\webdriver\remote\webdriver.py", line 447, in execute
    self.error_handler.check_response(response)
  File "C:\Users\USER\AppData\Local\Programs\Python\Python312\Lib\site-packages\selenium\webdriver\remote\errorhandler.py", line 232, in check_response
    raise exception_class(message, screen, stacktrace)
selenium.common.exceptions.NoSuchElementException: Message: no such element: Unable to locate element: {"method":"css selector","selector":"[name="username"]"}
  (Session info: chrome=137.0.7151.68); For documentation on this error, please visit: https://www.selenium.dev/documentation/webdriver/troubleshooting/errors#no-such-element-exception
Stacktrace:
	GetHandleVerifier [0x0x7b3763+63299]
	GetHandleVerifier [0x0x7b37a4+63364]
	(No symbol) [0x0x5e1113]
	(No symbol) [0x0x62987e]
	(No symbol) [0x0x629c1b]
	(No symbol) [0x0x672212]
	(No symbol) [0x0x64e5c4]
	(No symbol) [0x0x66fa4a]
	(No symbol) [0x0x64e376]
	(No symbol) [0x0x61d6e0]
	(No symbol) [0x0x61e544]
	GetHandleVerifier [0x0xa0e033+2531347]
	GetHandleVerifier [0x0xa09332+2511634]
	GetHandleVerifier [0x0x7d9eda+220858]
	GetHandleVerifier [0x0x7ca528+156936]
	GetHandleVerifier [0x0x7d0c5d+183357]
	GetHandleVerifier [0x0x7bb6c8+95912]
	GetHandleVerifier [0x0x7bb870+96336]
	GetHandleVerifier [0x0x7a664a+9770]
	BaseThreadInitThunk [0x0x75975d49+25]
	RtlInitializeExceptionChain [0x0x7736cffb+107]
	RtlGetAppContainerNamedObjectPath [0x0x7736cf81+561]

2025-06-04 18:26:32,731 - INFO - Closing browser...
2025-06-20 22:18:38,260 - INFO - ====== WebDriver manager ======
2025-06-20 22:18:39,396 - INFO - Get LATEST chromedriver version for google-chrome
2025-06-21 12:43:19,579 - INFO - ====== WebDriver manager ======
2025-06-21 12:43:21,105 - INFO - Get LATEST chromedriver version for google-chrome
2025-06-21 12:43:21,414 - INFO - Get LATEST chromedriver version for google-chrome
2025-06-21 12:43:21,757 - INFO - There is no [win64] chromedriver "137.0.7151.119" for browser google-chrome "137.0.7151" in cache
2025-06-21 12:43:21,757 - INFO - Get LATEST chromedriver version for google-chrome
2025-06-21 12:43:22,345 - INFO - WebDriver version 137.0.7151.119 selected
2025-06-21 12:43:22,350 - INFO - Modern chrome version https://storage.googleapis.com/chrome-for-testing-public/137.0.7151.119/win32/chromedriver-win32.zip
2025-06-21 12:43:22,350 - INFO - About to download new driver from https://storage.googleapis.com/chrome-for-testing-public/137.0.7151.119/win32/chromedriver-win32.zip
2025-06-21 12:43:22,752 - INFO - Driver downloading response is 200
2025-06-21 12:43:26,004 - INFO - Get LATEST chromedriver version for google-chrome
2025-06-21 12:43:27,335 - INFO - Driver has been saved in cache [C:\Users\USER\.wdm\drivers\chromedriver\win64\137.0.7151.119]
2025-06-21 12:43:29,394 - INFO - Opening login page:  https://demo.opencart.com/admin/
2025-06-21 12:43:32,026 - INFO - Filling login form...
2025-06-21 12:43:32,047 - ERROR - An error occurred: Message: no such element: Unable to locate element: {"method":"css selector","selector":"[name="username"]"}
  (Session info: chrome=137.0.7151.104); For documentation on this error, please visit: https://www.selenium.dev/documentation/webdriver/troubleshooting/errors#no-such-element-exception
Stacktrace:
	GetHandleVerifier [0x0x2e3b03+62899]
	GetHandleVerifier [0x0x2e3b44+62964]
	(No symbol) [0x0x1110f3]
	(No symbol) [0x0x15980e]
	(No symbol) [0x0x159bab]
	(No symbol) [0x0x1a25c2]
	(No symbol) [0x0x17e554]
	(No symbol) [0x0x19fd81]
	(No symbol) [0x0x17e306]
	(No symbol) [0x0x14d670]
	(No symbol) [0x0x14e4e4]
	GetHandleVerifier [0x0x544793+2556483]
	GetHandleVerifier [0x0x53fd02+2537394]
	GetHandleVerifier [0x0x30a2fa+220586]
	GetHandleVerifier [0x0x2faae8+157080]
	GetHandleVerifier [0x0x30141d+184013]
	GetHandleVerifier [0x0x2eba68+95512]
	GetHandleVerifier [0x0x2ebc10+95936]
	GetHandleVerifier [0x0x2d6b5a+9738]
	BaseThreadInitThunk [0x0x75975d49+25]
	RtlInitializeExceptionChain [0x0x7736cffb+107]
	RtlGetAppContainerNamedObjectPath [0x0x7736cf81+561]
	(No symbol) [0x0]
Traceback (most recent call last):
  File "D:\PyAutomateAI\rpa_scripts\rpa_login_bot.py", line 36, in <module>
    driver.find_element(By.NAME, "username").send_keys(username)
    ^^^^^^^^^^^^^^^^^^^^^^^^^^^^^^^^^^^^^^^^
  File "C:\Users\USER\AppData\Local\Programs\Python\Python312\Lib\site-packages\selenium\webdriver\remote\webdriver.py", line 914, in find_element
    return self.execute(Command.FIND_ELEMENT, {"using": by, "value": value})["value"]
           ^^^^^^^^^^^^^^^^^^^^^^^^^^^^^^^^^^^^^^^^^^^^^^^^^^^^^^^^^^^^^^^^^
  File "C:\Users\USER\AppData\Local\Programs\Python\Python312\Lib\site-packages\selenium\webdriver\remote\webdriver.py", line 447, in execute
    self.error_handler.check_response(response)
  File "C:\Users\USER\AppData\Local\Programs\Python\Python312\Lib\site-packages\selenium\webdriver\remote\errorhandler.py", line 232, in check_response
    raise exception_class(message, screen, stacktrace)
selenium.common.exceptions.NoSuchElementException: Message: no such element: Unable to locate element: {"method":"css selector","selector":"[name="username"]"}
  (Session info: chrome=137.0.7151.104); For documentation on this error, please visit: https://www.selenium.dev/documentation/webdriver/troubleshooting/errors#no-such-element-exception
Stacktrace:
	GetHandleVerifier [0x0x2e3b03+62899]
	GetHandleVerifier [0x0x2e3b44+62964]
	(No symbol) [0x0x1110f3]
	(No symbol) [0x0x15980e]
	(No symbol) [0x0x159bab]
	(No symbol) [0x0x1a25c2]
	(No symbol) [0x0x17e554]
	(No symbol) [0x0x19fd81]
	(No symbol) [0x0x17e306]
	(No symbol) [0x0x14d670]
	(No symbol) [0x0x14e4e4]
	GetHandleVerifier [0x0x544793+2556483]
	GetHandleVerifier [0x0x53fd02+2537394]
	GetHandleVerifier [0x0x30a2fa+220586]
	GetHandleVerifier [0x0x2faae8+157080]
	GetHandleVerifier [0x0x30141d+184013]
	GetHandleVerifier [0x0x2eba68+95512]
	GetHandleVerifier [0x0x2ebc10+95936]
	GetHandleVerifier [0x0x2d6b5a+9738]
	BaseThreadInitThunk [0x0x75975d49+25]
	RtlInitializeExceptionChain [0x0x7736cffb+107]
	RtlGetAppContainerNamedObjectPath [0x0x7736cf81+561]
	(No symbol) [0x0]

2025-06-21 12:43:32,095 - INFO - Closing browser...
2025-06-21 13:08:37,813 - INFO - ====== WebDriver manager ======
2025-06-21 13:08:39,235 - INFO - Get LATEST chromedriver version for google-chrome
2025-06-21 13:08:39,492 - INFO - Get LATEST chromedriver version for google-chrome
2025-06-21 13:08:39,712 - INFO - Driver [C:\Users\USER\.wdm\drivers\chromedriver\win64\137.0.7151.119\chromedriver-win32/chromedriver.exe] found in cache
2025-06-21 13:08:41,493 - INFO - Opening login page:  https://demo.opencart.com/admin/
2025-06-21 13:08:44,916 - INFO - Filling login form...
2025-06-21 13:08:45,009 - ERROR - An error occurred: Message: no such element: Unable to locate element: {"method":"css selector","selector":"[name="username"]"}
  (Session info: chrome=137.0.7151.104); For documentation on this error, please visit: https://www.selenium.dev/documentation/webdriver/troubleshooting/errors#no-such-element-exception
Stacktrace:
	GetHandleVerifier [0x0x483b03+62899]
	GetHandleVerifier [0x0x483b44+62964]
	(No symbol) [0x0x2b10f3]
	(No symbol) [0x0x2f980e]
	(No symbol) [0x0x2f9bab]
	(No symbol) [0x0x3425c2]
	(No symbol) [0x0x31e554]
	(No symbol) [0x0x33fd81]
	(No symbol) [0x0x31e306]
	(No symbol) [0x0x2ed670]
	(No symbol) [0x0x2ee4e4]
	GetHandleVerifier [0x0x6e4793+2556483]
	GetHandleVerifier [0x0x6dfd02+2537394]
	GetHandleVerifier [0x0x4aa2fa+220586]
	GetHandleVerifier [0x0x49aae8+157080]
	GetHandleVerifier [0x0x4a141d+184013]
	GetHandleVerifier [0x0x48ba68+95512]
	GetHandleVerifier [0x0x48bc10+95936]
	GetHandleVerifier [0x0x476b5a+9738]
	BaseThreadInitThunk [0x0x75975d49+25]
	RtlInitializeExceptionChain [0x0x7736cffb+107]
	RtlGetAppContainerNamedObjectPath [0x0x7736cf81+561]
Traceback (most recent call last):
  File "D:\PyAutomateAI\rpa_scripts\rpa_login_bot.py", line 36, in <module>
    driver.find_element(By.NAME, "username").send_keys(username)
    ^^^^^^^^^^^^^^^^^^^^^^^^^^^^^^^^^^^^^^^^
  File "C:\Users\USER\AppData\Local\Programs\Python\Python312\Lib\site-packages\selenium\webdriver\remote\webdriver.py", line 914, in find_element
    return self.execute(Command.FIND_ELEMENT, {"using": by, "value": value})["value"]
           ^^^^^^^^^^^^^^^^^^^^^^^^^^^^^^^^^^^^^^^^^^^^^^^^^^^^^^^^^^^^^^^^^
  File "C:\Users\USER\AppData\Local\Programs\Python\Python312\Lib\site-packages\selenium\webdriver\remote\webdriver.py", line 447, in execute
    self.error_handler.check_response(response)
  File "C:\Users\USER\AppData\Local\Programs\Python\Python312\Lib\site-packages\selenium\webdriver\remote\errorhandler.py", line 232, in check_response
    raise exception_class(message, screen, stacktrace)
selenium.common.exceptions.NoSuchElementException: Message: no such element: Unable to locate element: {"method":"css selector","selector":"[name="username"]"}
  (Session info: chrome=137.0.7151.104); For documentation on this error, please visit: https://www.selenium.dev/documentation/webdriver/troubleshooting/errors#no-such-element-exception
Stacktrace:
	GetHandleVerifier [0x0x483b03+62899]
	GetHandleVerifier [0x0x483b44+62964]
	(No symbol) [0x0x2b10f3]
	(No symbol) [0x0x2f980e]
	(No symbol) [0x0x2f9bab]
	(No symbol) [0x0x3425c2]
	(No symbol) [0x0x31e554]
	(No symbol) [0x0x33fd81]
	(No symbol) [0x0x31e306]
	(No symbol) [0x0x2ed670]
	(No symbol) [0x0x2ee4e4]
	GetHandleVerifier [0x0x6e4793+2556483]
	GetHandleVerifier [0x0x6dfd02+2537394]
	GetHandleVerifier [0x0x4aa2fa+220586]
	GetHandleVerifier [0x0x49aae8+157080]
	GetHandleVerifier [0x0x4a141d+184013]
	GetHandleVerifier [0x0x48ba68+95512]
	GetHandleVerifier [0x0x48bc10+95936]
	GetHandleVerifier [0x0x476b5a+9738]
	BaseThreadInitThunk [0x0x75975d49+25]
	RtlInitializeExceptionChain [0x0x7736cffb+107]
	RtlGetAppContainerNamedObjectPath [0x0x7736cf81+561]

2025-06-21 13:08:45,090 - INFO - Closing browser...
2025-06-21 13:11:21,026 - INFO - ====== WebDriver manager ======
2025-06-21 13:11:22,345 - INFO - Get LATEST chromedriver version for google-chrome
2025-06-21 13:11:22,548 - INFO - Get LATEST chromedriver version for google-chrome
2025-06-21 13:11:22,762 - INFO - Driver [C:\Users\USER\.wdm\drivers\chromedriver\win64\137.0.7151.119\chromedriver-win32/chromedriver.exe] found in cache
2025-06-21 13:11:24,223 - INFO - Opening login page:  https://demo.opencart.com/admin/
2025-06-21 13:11:27,002 - INFO - Filling login form...
2025-06-21 13:11:27,040 - ERROR - An error occurred: Message: no such element: Unable to locate element: {"method":"css selector","selector":"[name="username"]"}
  (Session info: chrome=137.0.7151.104); For documentation on this error, please visit: https://www.selenium.dev/documentation/webdriver/troubleshooting/errors#no-such-element-exception
Stacktrace:
	GetHandleVerifier [0x0x483b03+62899]
	GetHandleVerifier [0x0x483b44+62964]
	(No symbol) [0x0x2b10f3]
	(No symbol) [0x0x2f980e]
	(No symbol) [0x0x2f9bab]
	(No symbol) [0x0x3425c2]
	(No symbol) [0x0x31e554]
	(No symbol) [0x0x33fd81]
	(No symbol) [0x0x31e306]
	(No symbol) [0x0x2ed670]
	(No symbol) [0x0x2ee4e4]
	GetHandleVerifier [0x0x6e4793+2556483]
	GetHandleVerifier [0x0x6dfd02+2537394]
	GetHandleVerifier [0x0x4aa2fa+220586]
	GetHandleVerifier [0x0x49aae8+157080]
	GetHandleVerifier [0x0x4a141d+184013]
	GetHandleVerifier [0x0x48ba68+95512]
	GetHandleVerifier [0x0x48bc10+95936]
	GetHandleVerifier [0x0x476b5a+9738]
	BaseThreadInitThunk [0x0x75975d49+25]
	RtlInitializeExceptionChain [0x0x7736cffb+107]
	RtlGetAppContainerNamedObjectPath [0x0x7736cf81+561]
Traceback (most recent call last):
  File "D:\PyAutomateAI\rpa_scripts\rpa_login_bot.py", line 36, in <module>
    driver.find_element(By.NAME, "username").send_keys(username)
    ^^^^^^^^^^^^^^^^^^^^^^^^^^^^^^^^^^^^^^^^
  File "C:\Users\USER\AppData\Local\Programs\Python\Python312\Lib\site-packages\selenium\webdriver\remote\webdriver.py", line 914, in find_element
    return self.execute(Command.FIND_ELEMENT, {"using": by, "value": value})["value"]
           ^^^^^^^^^^^^^^^^^^^^^^^^^^^^^^^^^^^^^^^^^^^^^^^^^^^^^^^^^^^^^^^^^
  File "C:\Users\USER\AppData\Local\Programs\Python\Python312\Lib\site-packages\selenium\webdriver\remote\webdriver.py", line 447, in execute
    self.error_handler.check_response(response)
  File "C:\Users\USER\AppData\Local\Programs\Python\Python312\Lib\site-packages\selenium\webdriver\remote\errorhandler.py", line 232, in check_response
    raise exception_class(message, screen, stacktrace)
selenium.common.exceptions.NoSuchElementException: Message: no such element: Unable to locate element: {"method":"css selector","selector":"[name="username"]"}
  (Session info: chrome=137.0.7151.104); For documentation on this error, please visit: https://www.selenium.dev/documentation/webdriver/troubleshooting/errors#no-such-element-exception
Stacktrace:
	GetHandleVerifier [0x0x483b03+62899]
	GetHandleVerifier [0x0x483b44+62964]
	(No symbol) [0x0x2b10f3]
	(No symbol) [0x0x2f980e]
	(No symbol) [0x0x2f9bab]
	(No symbol) [0x0x3425c2]
	(No symbol) [0x0x31e554]
	(No symbol) [0x0x33fd81]
	(No symbol) [0x0x31e306]
	(No symbol) [0x0x2ed670]
	(No symbol) [0x0x2ee4e4]
	GetHandleVerifier [0x0x6e4793+2556483]
	GetHandleVerifier [0x0x6dfd02+2537394]
	GetHandleVerifier [0x0x4aa2fa+220586]
	GetHandleVerifier [0x0x49aae8+157080]
	GetHandleVerifier [0x0x4a141d+184013]
	GetHandleVerifier [0x0x48ba68+95512]
	GetHandleVerifier [0x0x48bc10+95936]
	GetHandleVerifier [0x0x476b5a+9738]
	BaseThreadInitThunk [0x0x75975d49+25]
	RtlInitializeExceptionChain [0x0x7736cffb+107]
	RtlGetAppContainerNamedObjectPath [0x0x7736cf81+561]

2025-06-21 13:11:27,040 - INFO - Closing browser...
